// Vitest Snapshot v1, https://vitest.dev/guide/snapshot.html

exports[`jobs > compilePromConfig > should run correctly and generate files 1`] = `
"<?php

/**
 * This file is generated by PromCMS, do not edit this file as changes made to this file will be overriden in the next model sync.
 */

return [
  'project' => [
    'name' => 'Testing Project',
    'url' => '',
    'languages' => ['en'],
  ],
  'database' => [
    'connections' => [
      [
        'name' => 'default-connection',
        'uri' => 'pdo-sqlite:///.database/application.sqlite',
      ],
    ],
    'models' => [
      [
        'tableName' => 'first',
        'title' => 'First',
        'ignoreSeeding' => false,
        'timestamp' => true,
        'admin' => ['isHidden' => true, 'icon' => 'Article'],
        'api' => ['enabled' => true],
        'columns' => [
          [
            'title' => 'New',
            'name' => 'col',
            'required' => true,
            'unique' => false,
            'localized' => false,
            'admin' => [
              'isHidden' => false,
              'editor' => ['placement' => 'main', 'width' => 12],
              'fieldType' => 'normal',
            ],
            'readonly' => false,
            'hide' => false,
            'type' => 'string',
            'primaryString' => false,
          ],
          [
            'title' => 'Boolean Column',
            'name' => 'bola',
            'required' => true,
            'unique' => false,
            'localized' => true,
            'admin' => [
              'isHidden' => false,
              'editor' => ['placement' => 'main', 'width' => 12],
            ],
            'readonly' => false,
            'hide' => false,
            'type' => 'boolean',
            'defaultValue' => false,
          ],
        ],
        'softDelete' => false,
        'draftable' => false,
        'sorting' => false,
        'sharable' => true,
        'ownable' => true,
      ],
      [
        'tableName' => 'second_table_name',
        'title' => 'Second',
        'ignoreSeeding' => false,
        'timestamp' => true,
        'admin' => ['isHidden' => false, 'icon' => 'Article'],
        'api' => ['enabled' => false],
        'columns' => [
          [
            'title' => 'Newo',
            'name' => 'col',
            'required' => true,
            'unique' => false,
            'localized' => false,
            'admin' => [
              'isHidden' => false,
              'editor' => ['placement' => 'main', 'width' => 12],
              'fieldType' => 'normal',
            ],
            'readonly' => false,
            'hide' => false,
            'type' => 'string',
            'primaryString' => false,
          ],
        ],
        'softDelete' => false,
        'draftable' => false,
        'sorting' => false,
        'sharable' => true,
        'ownable' => true,
      ],
    ],
  ],
];
"
`;
